// Jest Snapshot v1, https://goo.gl/fbAQLP

exports[`renders correctly 1`] = `
<View
  accessible={true}
  focusable={true}
  onClick={[Function]}
  onResponderGrant={[Function]}
  onResponderMove={[Function]}
  onResponderRelease={[Function]}
  onResponderTerminate={[Function]}
  onResponderTerminationRequest={[Function]}
  onStartShouldSetResponder={[Function]}
  style={
    Object {
      "alignItems": "center",
      "backgroundColor": "#FFFFFF",
      "borderRadius": 37.5,
      "elevation": 5,
      "height": 75,
      "justifyContent": "center",
      "marginTop": 53.36,
      "opacity": 1,
      "width": 75,
    }
  }
>
  <Image
    source={
      Object {
        "process": [Function],
      }
    }
    style={
      Object {
        "height": 30,
        "resizeMode": "contain",
        "transform": Array [
          Object {
            "rotate": "0deg",
          },
        ],
        "width": 30,
      }
    }
  />
</View>
`;
