// Jest Snapshot v1, https://goo.gl/fbAQLP

exports[`renders correctly 1`] = `
<View
  accessible={true}
  focusable={false}
  onClick={[Function]}
  onResponderGrant={[Function]}
  onResponderMove={[Function]}
  onResponderRelease={[Function]}
  onResponderTerminate={[Function]}
  onResponderTerminationRequest={[Function]}
  onStartShouldSetResponder={[Function]}
  style={
    Object {
      "elevation": 5,
      "height": 75,
      "opacity": 1,
      "position": "absolute",
      "right": -30,
      "top": -173.42,
      "width": 75,
      "zIndex": 9999999,
    }
  }
/>
`;
